[gtkit.rometheme.pro/getux/index.html]
[gtkit.rometheme.pro/getux/xmlrpc.php]
[backblue.gif]
[fade.gif]
[index.html]
[gtkit.rometheme.pro/getux/wp-includes/css/dist/block-library/style.min9b30.css]
[gtkit.rometheme.pro/getux/wp-content/plugins/template-kit-export/public/assets/css/template-kit-export-public.min365c.css]
[cdnjs.cloudflare.com/index.html]
[gtkit.rometheme.pro/getux/feed/index.html]
[gtkit.rometheme.pro/getux/wp-content/plugins/rometheme-for-elementor/widgets/assets/css/offcanvasc412.css]
[gtkit.rometheme.pro/getux/comments/feed/index.html]
[gtkit.rometheme.pro/getux/wp-content/plugins/rometheme-for-elementor/widgets/assets/css/navmenuc412.css]
[gtkit.rometheme.pro/getux/wp-content/plugins/rometheme-for-elementor/widgets/assets/css/rkit-navmenuc412.css]
[gtkit.rometheme.pro/getux/wp-content/plugins/rometheme-for-elementor/widgets/assets/css/searchc412.css]
[gtkit.rometheme.pro/getux/wp-content/plugins/rometheme-for-elementor/widgets/assets/css/rkit-blog-postc412.css]
[gtkit.rometheme.pro/getux/wp-content/plugins/rometheme-for-elementor/widgets/assets/css/ctac412.css]
[gtkit.rometheme.pro/getux/wp-content/plugins/rometheme-for-elementor/widgets/assets/css/blockquotec412.css]
[gtkit.rometheme.pro/getux/wp-content/plugins/rometheme-for-elementor/widgets/assets/css/social_sharec412.css]
[gtkit.rometheme.pro/getux/wp-content/plugins/rometheme-for-elementor/widgets/assets/css/rkit_teamc412.css]
[gtkit.rometheme.pro/getux/wp-content/plugins/rometheme-for-elementor/widgets/assets/css/running_textc412.css]
[gtkit.rometheme.pro/getux/wp-content/plugins/rometheme-for-elementor/widgets/assets/css/animated_headingc412.css]
[gtkit.rometheme.pro/getux/wp-content/plugins/rometheme-for-elementor/widgets/assets/css/card_sliderc412.css]
[gtkit.rometheme.pro/getux/wp-content/plugins/rometheme-for-elementor/widgets/assets/css/accordionc412.css]
[gtkit.rometheme.pro/getux/wp-content/plugins/rometheme-for-elementor/widgets/assets/css/testimonial_carouselc412.css]
[gtkit.rometheme.pro/getux/wp-content/plugins/elementor/assets/lib/swiper/v8/css/swiper.min94a4.css]
[gtkit.rometheme.pro/getux/wp-content/plugins/rometheme-for-elementor/widgets/assets/css/tabsc412.css]
[gtkit.rometheme.pro/getux/wp-content/plugins/rometheme-for-elementor/widgets/assets/css/progress-barc412.css]
[gtkit.rometheme.pro/getux/wp-content/plugins/rometheme-for-elementor/widgets/assets/css/counterc412.css]
[gtkit.rometheme.pro/getux/wp-content/plugins/rometheme-for-elementor/assets/css/stylec412.css]
[gtkit.rometheme.pro/getux/wp-content/plugins/rometheme-for-elementor/assets/css/rkitc412.css]
[gtkit.rometheme.pro/getux/wp-content/plugins/romethemeform/widgets/assets/css/rtform_text9b30.css]
[gtkit.rometheme.pro/getux/wp-content/plugins/romethemeform/widgets/assets/css/rform9b30.css]
[gtkit.rometheme.pro/getux/wp-content/plugins/romethemeform/widgets/assets/css/spinner-loading9b30.css]
[gtkit.rometheme.pro/getux/wp-content/plugins/romethemeform/widgets/assets/css/rform-button9b30.css]
[gtkit.rometheme.pro/getux/wp-content/plugins/romethemeform/widgets/assets/css/rform-select9b30.css]
[gtkit.rometheme.pro/getux/wp-content/plugins/romethemeform/widgets/assets/css/rform-radiobutton9b30.css]
[gtkit.rometheme.pro/getux/wp-content/plugins/romethemeform/widgets/assets/css/rform-checkbox9b30.css]
[gtkit.rometheme.pro/getux/wp-content/plugins/metform/public/assets/css/text-editor3b71.css]
[gtkit.rometheme.pro/getux/wp-content/themes/hello-elementor/style.min1102.css]
[gtkit.rometheme.pro/getux/wp-content/themes/hello-elementor/theme.min1102.css]
[gtkit.rometheme.pro/getux/wp-content/plugins/elementor/assets/css/frontend-lite.minafc7.css]
[gtkit.rometheme.pro/getux/wp-content/uploads/sites/35/elementor/css/post-317a7.css]
[gtkit.rometheme.pro/getux/wp-content/plugins/elementskit-lite/modules/elementskit-icon-pack/assets/css/ekiticonsab7d.css]
[gtkit.rometheme.pro/getux/wp-content/plugins/elementor/assets/lib/eicons/css/elementor-icons.min192d.css]
[gtkit.rometheme.pro/getux/wp-content/uploads/sites/35/elementor/css/post-2503a9b.css]
[gtkit.rometheme.pro/getux/wp-content/plugins/elementor/assets/lib/font-awesome/css/all.minafc7.css]
[gtkit.rometheme.pro/getux/wp-content/plugins/elementor/assets/lib/font-awesome/css/v4-shims.minafc7.css]
[gtkit.rometheme.pro/getux/wp-content/plugins/elementskit-lite/widgets/init/assets/css/widget-stylesab7d.css]
[gtkit.rometheme.pro/getux/wp-content/plugins/elementskit-lite/widgets/init/assets/css/responsiveab7d.css]
[gtkit.rometheme.pro/getux/wp-content/plugins/rometheme-for-elementor/assets/css/style6f3e.css]
[gtkit.rometheme.pro/getux/wp-content/plugins/elementor/assets/lib/font-awesome/css/fontawesome.min52d5.css]
[gtkit.rometheme.pro/getux/wp-content/plugins/elementor/assets/lib/font-awesome/css/solid.min52d5.css]
[gtkit.rometheme.pro/getux/wp-content/plugins/elementor/assets/lib/font-awesome/css/brands.min52d5.css]
[gtkit.rometheme.pro/getux/wp-content/plugins/rometheme-for-elementor/widgets/assets/js/offcanvas9b30.js]
[gtkit.rometheme.pro/getux/wp-content/plugins/rometheme-for-elementor/widgets/assets/js/navmenu9b30.js]
[gtkit.rometheme.pro/getux/wp-includes/js/jquery/jquery.min3088.js]
[gtkit.rometheme.pro/getux/wp-includes/js/jquery/jquery-migrate.min5589.js]
[gtkit.rometheme.pro/getux/wp-content/plugins/rometheme-for-elementor/widgets/assets/js/card_sliderc412.js]
[gtkit.rometheme.pro/getux/wp-content/plugins/rometheme-for-elementor/widgets/assets/js/animated_headingc412.js]
[gtkit.rometheme.pro/getux/wp-content/plugins/rometheme-for-elementor/widgets/assets/js/accordionc412.js]
[gtkit.rometheme.pro/getux/wp-content/plugins/rometheme-for-elementor/widgets/assets/js/bar_chartc412.js]
[gtkit.rometheme.pro/getux/wp-content/plugins/rometheme-for-elementor/widgets/assets/js/line_chartc412.js]
[gtkit.rometheme.pro/getux/wp-content/plugins/rometheme-for-elementor/widgets/assets/js/pie_chartc412.js]
[gtkit.rometheme.pro/getux/wp-content/plugins/romethemeform/widgets/assets/js/rtform_textc64e.js]
[gtkit.rometheme.pro/getux/wp-content/plugins/romethemeform/widgets/assets/js/rform_selectc64e.js]
[gtkit.rometheme.pro/getux/wp-content/plugins/romethemeform/widgets/assets/js/rformc64e.js]
[gtkit.rometheme.pro/getux/wp-content/plugins/template-kit-export/public/assets/js/template-kit-export-public.min365c.js]
[gtkit.rometheme.pro/getux/wp-content/plugins/elementor/assets/lib/font-awesome/js/v4-shims.minafc7.js]
[gtkit.rometheme.pro/getux/wp-json/wp/v2/pages/250.json]
[gtkit.rometheme.pro/getux/wp-json/index.html]
[gtkit.rometheme.pro/getux/xmlrpc0db0.php]
[gtkit.rometheme.pro/getux/wp-json/oembed/1.0/embedb228.json]
[gtkit.rometheme.pro/getux/wp-json/oembed/1.0/embed70c8]
[gtkit.rometheme.pro/getux/wp-content/uploads/sites/35/2023/09/Header-Logo.png]
[gtkit.rometheme.pro/getux/wp-content/plugins/elementor/assets/css/widget-icon-box.min.css]
[gtkit.rometheme.pro/getux/template-kit/about-us/index.html]
[gtkit.rometheme.pro/getux/template-kit/homepage/index.html]
[gtkit.rometheme.pro/getux/wp-content/uploads/sites/35/2023/09/Hero-Image-2.jpg]
[gtkit.rometheme.pro/getux/template-kit/services/index.html]
[gtkit.rometheme.pro/getux/template-kit/project/index.html]
[gtkit.rometheme.pro/getux/template-kit/project-detail/index.html]
[gtkit.rometheme.pro/getux/wp-content/uploads/sites/35/2023/09/Testimonial-Image-3.jpg]
[gtkit.rometheme.pro/getux/template-kit/faq/index.html]
[gtkit.rometheme.pro/getux/template-kit/pricing/index.html]
[gtkit.rometheme.pro/getux/template-kit/team/index.html]
[gtkit.rometheme.pro/getux/wp-content/uploads/sites/35/2023/09/Testimonial-Image-2.jpg]
[gtkit.rometheme.pro/getux/template-kit/404-page/index.html]
[gtkit.rometheme.pro/getux/template-kit/testimonial/index.html]
[gtkit.rometheme.pro/getux/template-kit/contact/index.html]
[gtkit.rometheme.pro/getux/template-kit/blog/index.html]
[gtkit.rometheme.pro/getux/wp-content/uploads/sites/35/2023/09/Testimonial-Image-1.jpg]
[gtkit.rometheme.pro/getux/wp-content/uploads/sites/35/2023/09/About-Us-Image-3.jpg]
[gtkit.rometheme.pro/getux/wp-content/uploads/sites/35/2023/09/Sign.png]
[gtkit.rometheme.pro/getux/wp-content/uploads/sites/35/2023/09/Service-2.png]
[gtkit.rometheme.pro/getux/wp-content/plugins/elementor/assets/css/widget-icon-list.min.css]
[gtkit.rometheme.pro/getux/wp-content/uploads/sites/35/2023/09/Service-3.png]
[gtkit.rometheme.pro/getux/wp-content/uploads/sites/35/2023/09/Service-4.png]
[gtkit.rometheme.pro/getux/wp-content/uploads/sites/35/2023/09/Project-Image-1.jpg]
[gtkit.rometheme.pro/getux/wp-content/uploads/sites/35/2023/09/Project-Image-3.jpg]
[gtkit.rometheme.pro/getux/wp-content/uploads/sites/35/2023/09/Project-Image-2.jpg]
[gtkit.rometheme.pro/getux/wp-content/uploads/sites/35/2023/09/Why-Choose-Us-Image.jpg]
[gtkit.rometheme.pro/getux/wp-content/uploads/sites/35/2023/09/CTA-Image.jpg]
[gtkit.rometheme.pro/getux/wp-content/uploads/sites/35/2023/09/Team-Image-1.jpg]
[gtkit.rometheme.pro/getux/wp-content/uploads/sites/35/2023/09/Team-Image-2.jpg]
[gtkit.rometheme.pro/getux/wp-content/uploads/sites/35/2023/09/Team-Image-8.jpg]
[gtkit.rometheme.pro/getux/wp-content/uploads/sites/35/2023/09/Team-Image-5.jpg]
[gtkit.rometheme.pro/getux/wp-content/uploads/sites/35/2023/09/Blog-Image-5.jpg]
[gtkit.rometheme.pro/getux/2023/09/27/user-centered-design-a-deep-dive-into-the-ui-ux-process/index.html]
[gtkit.rometheme.pro/getux/wp-content/uploads/sites/35/2023/09/Blog-Image-4.jpg]
[gtkit.rometheme.pro/getux/2023/09/27/local-seo-secrets-strategies-used-by-top-digital-agencies/index.html]
[gtkit.rometheme.pro/getux/category/blog/index.html]
[gtkit.rometheme.pro/getux/wp-content/uploads/sites/35/2023/09/Footer-Logo.png]
[gtkit.rometheme.pro/getux/wp-content/uploads/sites/35/elementor/css/post-22017a7.css]
[gtkit.rometheme.pro/getux/wp-includes/js/mediaelement/mediaelementplayer-legacy.min1f61.css]
[gtkit.rometheme.pro/getux/wp-includes/js/mediaelement/wp-mediaelement.min9b30.css]
[gtkit.rometheme.pro/getux/wp-content/plugins/elementskit-lite/widgets/init/assets/css/odometer-theme-defaultab7d.css]
[gtkit.rometheme.pro/getux/wp-content/uploads/sites/35/elementor/css/post-18117a7.css]
[gtkit.rometheme.pro/getux/wp-content/plugins/elementor/assets/lib/animations/animations.minafc7.css]
[gtkit.rometheme.pro/getux/wp-content/plugins/rometheme-for-elementor/widgets/assets/js/rkit-navmenuc412.js]
[gtkit.rometheme.pro/getux/wp-content/plugins/rometheme-for-elementor/widgets/assets/js/social_sharec412.js]
[cdnjs.cloudflare.com/ajax/libs/Chart.js/3.5.1/chart.minc412.js]
[gtkit.rometheme.pro/getux/wp-content/plugins/rometheme-for-elementor/widgets/assets/js/swiper-bundle.minc412.js]
[gtkit.rometheme.pro/getux/wp-content/plugins/rometheme-for-elementor/widgets/assets/js/testimonial_carouselc412.js]
[gtkit.rometheme.pro/getux/wp-content/plugins/rometheme-for-elementor/widgets/assets/js/tabsc412.js]
[gtkit.rometheme.pro/getux/wp-content/plugins/rometheme-for-elementor/widgets/assets/js/progressc412.js]
[gtkit.rometheme.pro/getux/wp-content/plugins/rometheme-for-elementor/widgets/assets/js/counterc412.js]
[gtkit.rometheme.pro/getux/wp-content/themes/hello-elementor/assets/js/hello-frontend.min8a54.js]
[gtkit.rometheme.pro/getux/wp-content/plugins/elementskit-lite/libs/framework/assets/js/frontend-scriptab7d.js]
[gtkit.rometheme.pro/getux/wp-content/plugins/elementskit-lite/widgets/init/assets/js/widget-scriptsab7d.js]
[gtkit.rometheme.pro/getux/wp-includes/js/mediaelement/mediaelement-and-player.min1f61.js]
[gtkit.rometheme.pro/getux/wp-includes/js/mediaelement/mediaelement-migrate.min9b30.js]
[gtkit.rometheme.pro/getux/wp-includes/js/mediaelement/wp-mediaelement.min9b30.js]
[gtkit.rometheme.pro/getux/wp-content/plugins/elementor/assets/lib/waypoints/waypoints.min05da.js]
[gtkit.rometheme.pro/getux/wp-content/plugins/elementskit-lite/widgets/init/assets/js/odometer.minab7d.js]
[gtkit.rometheme.pro/getux/wp-content/plugins/elementor/assets/js/webpack.runtime.minafc7.js]
[gtkit.rometheme.pro/getux/wp-content/plugins/elementor/assets/js/frontend-modules.minafc7.js]
[gtkit.rometheme.pro/getux/wp-includes/js/jquery/ui/core.min3f14.js]
[gtkit.rometheme.pro/getux/wp-content/plugins/elementor/assets/js/frontend.minafc7.js]
[gtkit.rometheme.pro/getux/wp-content/plugins/elementskit-lite/widgets/init/assets/js/animate-circle.minab7d.js]
[gtkit.rometheme.pro/getux/wp-content/plugins/elementskit-lite/widgets/init/assets/js/elementorab7d.js]
[gtkit.rometheme.pro/getux/index.html]
[gtkit.rometheme.pro/getux/xmlrpc.php]
[cdnjs.cloudflare.com/cf.core.css]
[cdnjs.cloudflare.com/index.html]
[fonts.googleapis.com/cssd781.css]
[fonts.gstatic.com/index.html]
[gtkit.rometheme.pro/getux/wp-content/uploads/sites/35/elementor/css/post-74e96.css]
[gtkit.rometheme.pro/getux/wp-json/oembed/1.0/embed52e9.json]
[gtkit.rometheme.pro/getux/wp-json/oembed/1.0/embed5864]
[gtkit.rometheme.pro/getux/template-kit/homepage/index.html]
[gtkit.rometheme.pro/getux/wp-content/uploads/sites/35/elementor/css/post-518f361.css]
[gtkit.rometheme.pro/getux/wp-json/oembed/1.0/embedbd39.json]
[gtkit.rometheme.pro/getux/wp-json/oembed/1.0/embed53b0]
[gtkit.rometheme.pro/getux/wp-content/uploads/sites/35/2023/09/Partner-1-1.png]
[gtkit.rometheme.pro/getux/wp-content/uploads/sites/35/2023/09/Partner-3.1.png]
[gtkit.rometheme.pro/getux/wp-content/uploads/sites/35/2023/09/Partner-5.1.png]
[gtkit.rometheme.pro/getux/wp-content/uploads/sites/35/2023/09/Partner-4.1.png]
[gtkit.rometheme.pro/getux/wp-content/uploads/sites/35/2023/09/Partner-6.1.png]
[gtkit.rometheme.pro/getux/wp-content/uploads/sites/35/2023/09/Partner-2.1.png]
[gtkit.rometheme.pro/getux/template-kit/about-us/index.html]
[gtkit.rometheme.pro/getux/wp-content/uploads/sites/35/elementor/css/post-556f0fa.css]
[gtkit.rometheme.pro/getux/wp-json/oembed/1.0/embedb5a5.json]
[gtkit.rometheme.pro/getux/wp-json/oembed/1.0/embedbed6]
[gtkit.rometheme.pro/getux/wp-content/uploads/sites/35/2023/09/Service-5.png]
[gtkit.rometheme.pro/getux/wp-content/uploads/sites/35/2023/09/Service-6.png]
[gtkit.rometheme.pro/getux/wp-content/uploads/sites/35/2023/09/Service-7.png]
[gtkit.rometheme.pro/getux/template-kit/services/index.html]
[gtkit.rometheme.pro/getux/wp-content/uploads/sites/35/elementor/css/post-572b82e.css]
[gtkit.rometheme.pro/getux/wp-json/oembed/1.0/embedc59c.json]
[gtkit.rometheme.pro/getux/wp-json/oembed/1.0/embedf3c5]
[gtkit.rometheme.pro/getux/wp-content/uploads/sites/35/2023/09/Project-Image-4.jpg]
[gtkit.rometheme.pro/getux/wp-content/uploads/sites/35/2023/09/Project-Image-6.jpg]
[gtkit.rometheme.pro/getux/wp-content/uploads/sites/35/2023/09/Project-Image-5.jpg]
[gtkit.rometheme.pro/getux/template-kit/project/index.html]
[gtkit.rometheme.pro/getux/wp-content/uploads/sites/35/elementor/css/post-6035874.css]
[gtkit.rometheme.pro/getux/wp-json/oembed/1.0/embed18a1.json]
[gtkit.rometheme.pro/getux/wp-json/oembed/1.0/embedc08c]
[gtkit.rometheme.pro/getux/wp-content/uploads/sites/35/2023/09/Project-Detail-Image.jpg]
[gtkit.rometheme.pro/getux/template-kit/project-detail/index.html]
[gtkit.rometheme.pro/getux/wp-content/uploads/sites/35/elementor/css/post-696aa97.css]
[gtkit.rometheme.pro/getux/wp-json/oembed/1.0/embed884b.json]
[gtkit.rometheme.pro/getux/template-kit/pricing/index.html]
[gtkit.rometheme.pro/getux/wp-json/oembed/1.0/embed22a3]
[gtkit.rometheme.pro/getux/wp-content/uploads/sites/35/elementor/css/post-6270d22.css]
[gtkit.rometheme.pro/getux/wp-json/oembed/1.0/embed7b05.json]
[gtkit.rometheme.pro/getux/wp-json/oembed/1.0/embedceb7]
[gtkit.rometheme.pro/getux/wp-content/uploads/sites/35/2023/09/Team-Image-4.jpg]
[gtkit.rometheme.pro/getux/wp-content/uploads/sites/35/2023/09/Team-Image-3.jpg]
[gtkit.rometheme.pro/getux/wp-content/uploads/sites/35/2023/09/Team-Image-6.jpg]
[gtkit.rometheme.pro/getux/template-kit/team/index.html]
[gtkit.rometheme.pro/getux/wp-content/uploads/sites/35/2023/09/Team-Image-7.jpg]
[gtkit.rometheme.pro/getux/wp-content/uploads/sites/35/elementor/css/post-6491a41.css]
[gtkit.rometheme.pro/getux/wp-json/oembed/1.0/embed82c2.json]
[gtkit.rometheme.pro/getux/wp-json/oembed/1.0/embedad41]
[gtkit.rometheme.pro/getux/wp-content/uploads/sites/35/elementor/css/post-6527fd9.css]
[gtkit.rometheme.pro/getux/template-kit/faq/index.html]
[gtkit.rometheme.pro/getux/wp-content/uploads/sites/35/elementor/css/post-711a789.css]
[gtkit.rometheme.pro/getux/wp-json/oembed/1.0/embedde48.json]
[gtkit.rometheme.pro/getux/wp-json/oembed/1.0/embeda75c]
[gtkit.rometheme.pro/getux/template-kit/testimonial/index.html]
[gtkit.rometheme.pro/getux/wp-content/uploads/sites/35/elementor/css/post-717ca0d.css]
[gtkit.rometheme.pro/getux/wp-json/oembed/1.0/embed07aa.json]
[gtkit.rometheme.pro/getux/wp-json/oembed/1.0/embedb6ea]
[gtkit.rometheme.pro/getux/wp-content/uploads/sites/35/2023/09/Blog-Image-3.jpg]
[gtkit.rometheme.pro/getux/2023/09/27/how-to-choose-the-right-digital-agency-for-your-business/index.html]
[gtkit.rometheme.pro/getux/wp-content/uploads/sites/35/2023/09/Blog-Image-6.jpg]
[gtkit.rometheme.pro/getux/wp-content/uploads/sites/35/2023/09/Blog-Image-1.jpg]
[gtkit.rometheme.pro/getux/2023/09/27/content-is-king-the-role-of-content-in-digital-agencies/index.html]
[gtkit.rometheme.pro/getux/wp-content/uploads/sites/35/2023/09/Blog-Image-2.jpg]
[gtkit.rometheme.pro/getux/template-kit/blog/index.html]
[gtkit.rometheme.pro/getux/category/tips-trick/index.html]
[gtkit.rometheme.pro/getux/2023/09/20/choosing-the-right-digital-agency-a-roadmap-for-success/index.html]
[gtkit.rometheme.pro/getux/2023/09/20/behind-the-scenes-a-day-in-the-life-of-a-digital-agency/index.html]
[gtkit.rometheme.pro/getux/wp-content/uploads/sites/35/elementor/css/post-744726c.css]
[gtkit.rometheme.pro/getux/wp-json/oembed/1.0/embedd9fd.json]
[gtkit.rometheme.pro/getux/wp-json/oembed/1.0/embedd4f2]
[gtkit.rometheme.pro/getux/template-kit/404-page/index.html]
[gtkit.rometheme.pro/getux/wp-content/uploads/sites/35/elementor/css/post-739088b.css]
[gtkit.rometheme.pro/getux/wp-json/oembed/1.0/embed4c0c.json]
[gtkit.rometheme.pro/getux/wp-json/oembed/1.0/embed4090]
[gtkit.rometheme.pro/getux/wp-content/uploads/sites/35/elementor/css/post-760fe0b.css]
[gtkit.rometheme.pro/getux/template-kit/contact/index.html]
[gtkit.rometheme.pro/getux/wp-json/wp/v2/posts/733.json]
[gtkit.rometheme.pro/getux/wp-json/oembed/1.0/embed4837.json]
[gtkit.rometheme.pro/getux/2023/09/27/user-centered-design-a-deep-dive-into-the-ui-ux-process/feed/index.html]
[gtkit.rometheme.pro/getux/wp-json/oembed/1.0/embed873d]
[gtkit.rometheme.pro/getux/wp-content/uploads/sites/35/2023/09/Blog-Image-5-1024x683.jpg]
[gtkit.rometheme.pro/getux/wp-includes/js/comment-reply.min9b30.js]
[gtkit.rometheme.pro/getux/2023/09/27/user-centered-design-a-deep-dive-into-the-ui-ux-process/index.html]
[gtkit.rometheme.pro/getux/tag/design/index.html]
[gtkit.rometheme.pro/getux/tag/ui/index.html]
[gtkit.rometheme.pro/getux/tag/ux/index.html]
[gtkit.rometheme.pro/getux/tag/user/index.html]
[gtkit.rometheme.pro/getux/category/blog/feed/index.html]
[gtkit.rometheme.pro/getux/wp-json/wp/v2/categories/2.json]
[gtkit.rometheme.pro/getux/wp-content/uploads/sites/35/2023/09/Blog-Image-4-1024x683.jpg]
[gtkit.rometheme.pro/getux/wp-content/uploads/sites/35/2023/09/Blog-Image-3-1024x683.jpg]
[gtkit.rometheme.pro/getux/wp-content/uploads/sites/35/2023/09/Blog-Image-1-1024x683.jpg]
[gtkit.rometheme.pro/getux/category/blog/index.html]
[gtkit.rometheme.pro/getux/wp-content/uploads/sites/35/2023/09/Blog-Image-2-1024x683.jpg]
[gtkit.rometheme.pro/getux/wp-json/wp/v2/posts/730.json]
[gtkit.rometheme.pro/getux/2023/09/27/local-seo-secrets-strategies-used-by-top-digital-agencies/feed/index.html]
[gtkit.rometheme.pro/getux/wp-json/oembed/1.0/embed79b3.json]
[gtkit.rometheme.pro/getux/wp-json/oembed/1.0/embed8180]
[gtkit.rometheme.pro/getux/2023/09/27/local-seo-secrets-strategies-used-by-top-digital-agencies/index.html]
[gtkit.rometheme.pro/getux/tag/digital/index.html]
[gtkit.rometheme.pro/getux/tag/agency/index.html]
[gtkit.rometheme.pro/getux/indexc4f7.html]
[gtkit.rometheme.pro/getux/tag/digital-agency/index.html]
[gtkit.rometheme.pro/getux/tag/seo/index.html]
[gtkit.rometheme.pro/getux/indexa51f.html]
[gtkit.rometheme.pro/getux/indexa215.html]
[gtkit.rometheme.pro/getux/index273a.html]
[gtkit.rometheme.pro/getux/index7aeb.html]
[gtkit.rometheme.pro/getux/indexca55.html]
[gtkit.rometheme.pro/getux/indexf763.html]
[gtkit.rometheme.pro/getux/index7b0e.html]
[gtkit.rometheme.pro/getux/indexa308.html]
[gtkit.rometheme.pro/getux/index6683.html]
[gtkit.rometheme.pro/getux/tag/strategy/index.html]
[gtkit.rometheme.pro/getux/tag/top/index.html]
[gtkit.rometheme.pro/getux/wp-json/wp/v2/posts/727.json]
[gtkit.rometheme.pro/getux/2023/09/27/content-is-king-the-role-of-content-in-digital-agencies/feed/index.html]
[gtkit.rometheme.pro/getux/wp-json/oembed/1.0/embed0356.json]
[gtkit.rometheme.pro/getux/wp-json/oembed/1.0/embed61c1]
[gtkit.rometheme.pro/getux/2023/09/27/content-is-king-the-role-of-content-in-digital-agencies/index.html]
[gtkit.rometheme.pro/getux/wp-json/wp/v2/posts/724.json]
[gtkit.rometheme.pro/getux/tag/content/index.html]
[gtkit.rometheme.pro/getux/wp-json/oembed/1.0/embedad98.json]
[gtkit.rometheme.pro/getux/2023/09/27/how-to-choose-the-right-digital-agency-for-your-business/feed/index.html]
[gtkit.rometheme.pro/getux/wp-json/oembed/1.0/embeda37b]
[gtkit.rometheme.pro/getux/wp-content/uploads/sites/35/2023/09/Blog-Image-6-1024x683.jpg]
[gtkit.rometheme.pro/getux/2023/09/27/how-to-choose-the-right-digital-agency-for-your-business/index.html]
[gtkit.rometheme.pro/getux/tag/business/index.html]
[gtkit.rometheme.pro/getux/category/tips-trick/index.html]
[gtkit.rometheme.pro/getux/wp-json/wp/v2/categories/9.json]
[gtkit.rometheme.pro/getux/wp-json/wp/v2/posts/165.json]
[gtkit.rometheme.pro/getux/category/tips-trick/feed/index.html]
[gtkit.rometheme.pro/getux/2023/09/20/choosing-the-right-digital-agency-a-roadmap-for-success/feed/index.html]
[gtkit.rometheme.pro/getux/wp-json/oembed/1.0/embed8f87.json]
[gtkit.rometheme.pro/getux/wp-json/oembed/1.0/embed0d88]
[gtkit.rometheme.pro/getux/2023/09/20/choosing-the-right-digital-agency-a-roadmap-for-success/index.html]
[gtkit.rometheme.pro/getux/wp-json/wp/v2/posts/162.json]
[gtkit.rometheme.pro/getux/tag/success/index.html]
[gtkit.rometheme.pro/getux/tag/roadmap/index.html]
[gtkit.rometheme.pro/getux/2023/09/20/behind-the-scenes-a-day-in-the-life-of-a-digital-agency/feed/index.html]
[gtkit.rometheme.pro/getux/wp-json/oembed/1.0/embedbecb.json]
[gtkit.rometheme.pro/getux/wp-json/oembed/1.0/embed9faf]
[gtkit.rometheme.pro/getux/2023/09/20/behind-the-scenes-a-day-in-the-life-of-a-digital-agency/index.html]
[gtkit.rometheme.pro/getux/index664b.html]
[gtkit.rometheme.pro/getux/index5e3b.html]
[gtkit.rometheme.pro/getux/index2531.html]
[gtkit.rometheme.pro/getux/wp-json/wp/v2/tags/16.json]
[gtkit.rometheme.pro/getux/tag/design/index.html]
[gtkit.rometheme.pro/getux/tag/design/feed/index.html]
[gtkit.rometheme.pro/getux/wp-json/wp/v2/tags/17.json]
[gtkit.rometheme.pro/getux/tag/ui/index.html]
[gtkit.rometheme.pro/getux/tag/ui/feed/index.html]
[gtkit.rometheme.pro/getux/wp-json/wp/v2/tags/15.json]
[gtkit.rometheme.pro/getux/tag/user/index.html]
[gtkit.rometheme.pro/getux/tag/user/feed/index.html]
[gtkit.rometheme.pro/getux/wp-json/wp/v2/tags/18.json]
[gtkit.rometheme.pro/getux/tag/ux/index.html]
[gtkit.rometheme.pro/getux/index7c89.html]
[gtkit.rometheme.pro/getux/tag/ux/feed/index.html]
[gtkit.rometheme.pro/getux/wp-json/wp/v2/tags/4.json]
[gtkit.rometheme.pro/getux/tag/agency/index.html]
[gtkit.rometheme.pro/getux/tag/agency/feed/index.html]
[gtkit.rometheme.pro/getux/wp-json/wp/v2/tags/3.json]
[gtkit.rometheme.pro/getux/tag/digital/index.html]
[gtkit.rometheme.pro/getux/tag/digital/feed/index.html]
[gtkit.rometheme.pro/getux/wp-json/wp/v2/tags/5.json]
[gtkit.rometheme.pro/getux/tag/digital-agency/index.html]
[gtkit.rometheme.pro/getux/tag/digital-agency/feed/index.html]
[gtkit.rometheme.pro/getux/wp-json/wp/v2/tags/12.json]
[gtkit.rometheme.pro/getux/tag/seo/index.html]
[gtkit.rometheme.pro/getux/wp-json/wp/v2/tags/13.json]
[gtkit.rometheme.pro/getux/tag/seo/feed/index.html]
[gtkit.rometheme.pro/getux/tag/strategy/index.html]
[gtkit.rometheme.pro/getux/tag/strategy/feed/index.html]
[gtkit.rometheme.pro/getux/wp-json/wp/v2/tags/14.json]
[gtkit.rometheme.pro/getux/tag/top/index.html]
[gmpg.org/xfn/11]
[gtkit.rometheme.pro/getux/index58a0.html]
[gtkit.rometheme.pro/getux/tag/top/feed/index.html]
[gtkit.rometheme.pro/getux/wp-json/wp/v2/tags/11.json]
[gtkit.rometheme.pro/getux/tag/content/index.html]
[gtkit.rometheme.pro/getux/index52c0.html]
[gtkit.rometheme.pro/getux/tag/content/feed/index.html]
[gtkit.rometheme.pro/getux/wp-json/wp/v2/tags/10.json]
[gtkit.rometheme.pro/getux/tag/business/index.html]
[gtkit.rometheme.pro/getux/index17d5.html]
[gtkit.rometheme.pro/getux/tag/business/feed/index.html]
[gtkit.rometheme.pro/getux/wp-json/wp/v2/tags/6.json]
[gtkit.rometheme.pro/getux/tag/roadmap/index.html]
[gtkit.rometheme.pro/getux/wp-json/wp/v2/tags/7.json]
[gtkit.rometheme.pro/getux/tag/success/index.html]
[gtkit.rometheme.pro/getux/indexbbc7.html]
[gtkit.rometheme.pro/getux/tag/roadmap/feed/index.html]
[gtkit.rometheme.pro/getux/tag/success/feed/index.html]
[gtkit.rometheme.pro/getux/wp-json/index.html]
[gtkit.rometheme.pro/getux/wp-json/oembed/1.0/embedb228.json]
[gtkit.rometheme.pro/getux/wp-includes/css/dist/block-library/style.min9b30.css]
[gtkit.rometheme.pro/getux/wp-json/wp/v2/pages/250.json]
[gtkit.rometheme.pro/getux/wp-content/plugins/template-kit-export/public/assets/css/template-kit-export-public.min365c.css]
[gtkit.rometheme.pro/getux/xmlrpc0db0.php]
[gtkit.rometheme.pro/getux/wp-content/plugins/rometheme-for-elementor/widgets/assets/css/offcanvasc412.css]
[gtkit.rometheme.pro/getux/wp-content/plugins/rometheme-for-elementor/widgets/assets/css/navmenuc412.css]
[gtkit.rometheme.pro/getux/wp-content/plugins/rometheme-for-elementor/widgets/assets/css/headerinfoc412.css]
[gtkit.rometheme.pro/getux/wp-content/plugins/rometheme-for-elementor/widgets/assets/css/rkit-navmenuc412.css]
[gtkit.rometheme.pro/getux/wp-content/plugins/rometheme-for-elementor/widgets/assets/css/searchc412.css]
[gtkit.rometheme.pro/getux/wp-content/plugins/rometheme-for-elementor/widgets/assets/css/rkit-blog-postc412.css]
[gtkit.rometheme.pro/getux/wp-content/plugins/rometheme-for-elementor/widgets/assets/css/ctac412.css]
[gtkit.rometheme.pro/getux/wp-content/plugins/rometheme-for-elementor/widgets/assets/css/blockquotec412.css]
[gtkit.rometheme.pro/getux/wp-content/plugins/rometheme-for-elementor/widgets/assets/css/social_sharec412.css]
[gtkit.rometheme.pro/getux/wp-content/plugins/rometheme-for-elementor/widgets/assets/css/rkit_teamc412.css]
[gtkit.rometheme.pro/getux/wp-content/plugins/rometheme-for-elementor/widgets/assets/css/running_textc412.css]
[gtkit.rometheme.pro/getux/wp-content/plugins/rometheme-for-elementor/widgets/assets/css/animated_headingc412.css]
[gtkit.rometheme.pro/getux/wp-json/oembed/1.0/embed52e9.json]
[gtkit.rometheme.pro/getux/wp-content/plugins/rometheme-for-elementor/widgets/assets/css/card_sliderc412.css]
[gtkit.rometheme.pro/getux/wp-json/oembed/1.0/embed5864]
[gtkit.rometheme.pro/getux/wp-content/plugins/rometheme-for-elementor/widgets/assets/css/accordionc412.css]
[gtkit.rometheme.pro/getux/wp-json/oembed/1.0/embed53b0]
[gtkit.rometheme.pro/getux/wp-content/plugins/rometheme-for-elementor/widgets/assets/css/testimonial_carouselc412.css]
[gtkit.rometheme.pro/getux/wp-content/plugins/elementor/assets/lib/swiper/v8/css/swiper.min94a4.css]
[gtkit.rometheme.pro/getux/wp-content/plugins/rometheme-for-elementor/widgets/assets/css/tabsc412.css]
[gtkit.rometheme.pro/getux/wp-json/oembed/1.0/embedbed6]
[gtkit.rometheme.pro/getux/wp-content/plugins/rometheme-for-elementor/widgets/assets/css/progress-barc412.css]
[gtkit.rometheme.pro/getux/wp-content/plugins/rometheme-for-elementor/widgets/assets/css/counterc412.css]
[cdnjs.cloudflare.com/ajax/libs/Chart.js/3.5.1/chart.minc412.js]
[gtkit.rometheme.pro/getux/wp-json/oembed/1.0/embed18a1.json]
[gtkit.rometheme.pro/getux/wp-content/plugins/rometheme-for-elementor/assets/fonts/rtm-icond02b.woff]
[gtkit.rometheme.pro/getux/wp-content/plugins/rometheme-for-elementor/assets/css/stylec412.css]
[gtkit.rometheme.pro/getux/wp-json/oembed/1.0/embedc08c]
[gtkit.rometheme.pro/getux/wp-json/oembed/1.0/embed884b.json]
[gtkit.rometheme.pro/getux/wp-json/oembed/1.0/embed22a3]
[gtkit.rometheme.pro/getux/wp-content/plugins/rometheme-for-elementor/assets/css/rkitc412.css]
[gtkit.rometheme.pro/getux/wp-content/plugins/romethemeform/widgets/assets/css/rtform_text9b30.css]
[gtkit.rometheme.pro/getux/wp-content/plugins/romethemeform/widgets/assets/css/rform9b30.css]
[gtkit.rometheme.pro/getux/wp-content/plugins/romethemeform/widgets/assets/css/spinner-loading9b30.css]
[gtkit.rometheme.pro/getux/wp-json/oembed/1.0/embed07aa.json]
[gtkit.rometheme.pro/getux/wp-content/plugins/romethemeform/widgets/assets/css/rform-button9b30.css]
[gtkit.rometheme.pro/getux/wp-content/plugins/romethemeform/widgets/assets/css/rform-select9b30.css]
[gtkit.rometheme.pro/getux/wp-content/plugins/romethemeform/widgets/assets/css/rform-radiobutton9b30.css]
[gtkit.rometheme.pro/getux/wp-content/plugins/romethemeform/widgets/assets/css/rform-checkbox9b30.css]
[gtkit.rometheme.pro/getux/wp-content/plugins/metform/public/assets/css/text-editor3b71.css]
[gtkit.rometheme.pro/getux/2023/09/27/user-centered-design-a-deep-dive-into-the-ui-ux-process/feed/index.html]
[gtkit.rometheme.pro/getux/wp-content/themes/hello-elementor/style.min1102.css]
[gtkit.rometheme.pro/getux/wp-json/oembed/1.0/embed873d]
[gtkit.rometheme.pro/getux/wp-content/themes/hello-elementor/theme.min1102.css]
[gtkit.rometheme.pro/getux/category/blog/feed/index.html]
[gtkit.rometheme.pro/getux/wp-content/plugins/elementor/assets/css/frontend-lite.minafc7.css]
[gtkit.rometheme.pro/getux/wp-content/uploads/sites/35/elementor/css/post-317a7.css]
[gtkit.rometheme.pro/getux/2023/09/27/local-seo-secrets-strategies-used-by-top-digital-agencies/feed/index.html]
[gtkit.rometheme.pro/getux/wp-content/plugins/elementskit-lite/modules/elementskit-icon-pack/assets/fonts/elementskit97ac.woff]
[gtkit.rometheme.pro/getux/wp-content/plugins/elementskit-lite/modules/elementskit-icon-pack/assets/css/ekiticonsab7d.css]
[gtkit.rometheme.pro/getux/wp-json/wp/v2/posts/730.json]
[gtkit.rometheme.pro/getux/2023/09/27/content-is-king-the-role-of-content-in-digital-agencies/feed/index.html]
[gtkit.rometheme.pro/getux/wp-json/oembed/1.0/embed79b3.json]
[gtkit.rometheme.pro/getux/2023/09/27/how-to-choose-the-right-digital-agency-for-your-business/feed/index.html]
[gtkit.rometheme.pro/getux/category/tips-trick/feed/index.html]
[gtkit.rometheme.pro/getux/wp-content/plugins/elementor/assets/lib/eicons/fonts/eicons9506.eot]
[gtkit.rometheme.pro/getux/2023/09/20/choosing-the-right-digital-agency-a-roadmap-for-success/feed/index.html]
[gtkit.rometheme.pro/getux/wp-json/wp/v2/categories/9.json]
[gtkit.rometheme.pro/getux/2023/09/20/behind-the-scenes-a-day-in-the-life-of-a-digital-agency/feed/index.html]
[gtkit.rometheme.pro/getux/tag/ui/feed/index.html]
[gtkit.rometheme.pro/getux/wp-content/plugins/elementor/assets/lib/eicons/fonts/eicons9506.woff2]
[gtkit.rometheme.pro/getux/tag/design/feed/index.html]
[gtkit.rometheme.pro/getux/tag/user/feed/index.html]
[gtkit.rometheme.pro/getux/wp-content/plugins/elementor/assets/lib/eicons/fonts/eicons9506.woff]
[gtkit.rometheme.pro/getux/tag/ux/feed/index.html]
[gtkit.rometheme.pro/getux/tag/agency/feed/index.html]
[gtkit.rometheme.pro/getux/tag/seo/feed/index.html]
[gtkit.rometheme.pro/getux/tag/digital/feed/index.html]
[gtkit.rometheme.pro/getux/tag/digital-agency/feed/index.html]
[gtkit.rometheme.pro/getux/wp-content/plugins/elementor/assets/lib/eicons/fonts/eicons9506.ttf]
[gtkit.rometheme.pro/getux/tag/content/feed/index.html]
[gtkit.rometheme.pro/getux/tag/strategy/feed/index.html]
[gtkit.rometheme.pro/getux/tag/top/feed/index.html]
[gtkit.rometheme.pro/getux/wp-content/plugins/elementor/assets/lib/eicons/css/elementor-icons.min192d.css]
[gtkit.rometheme.pro/getux/wp-content/plugins/elementor/assets/lib/eicons/fonts/eicons9506.svg]
[gtkit.rometheme.pro/getux/tag/business/feed/index.html]
[gtkit.rometheme.pro/getux/tag/success/feed/index.html]
[gtkit.rometheme.pro/getux/tag/roadmap/feed/index.html]
[gtkit.rometheme.pro/getux/wp-content/uploads/sites/35/2023/09/Alt-BG-2.png]
[gtkit.rometheme.pro/getux/wp-content/uploads/sites/35/elementor/css/post-2503a9b.css]
[gtkit.rometheme.pro/getux/wp-content/plugins/elementor/assets/lib/font-awesome/webfonts/fa-brands-400.eot]
[gtkit.rometheme.pro/getux/wp-content/plugins/elementor/assets/lib/font-awesome/webfonts/fa-brands-400.woff2]
[gtkit.rometheme.pro/getux/wp-content/plugins/elementor/assets/lib/font-awesome/webfonts/fa-brands-400d41d.eot]
[gtkit.rometheme.pro/getux/wp-content/plugins/elementor/assets/lib/font-awesome/webfonts/fa-brands-400.woff]
[gtkit.rometheme.pro/getux/wp-content/plugins/elementor/assets/lib/font-awesome/webfonts/fa-brands-400.ttf]
[gtkit.rometheme.pro/getux/wp-content/plugins/elementor/assets/lib/font-awesome/webfonts/fa-regular-400.eot]
[gtkit.rometheme.pro/getux/wp-content/plugins/elementor/assets/lib/font-awesome/webfonts/fa-regular-400d41d.eot]
[gtkit.rometheme.pro/getux/wp-content/plugins/elementor/assets/lib/font-awesome/webfonts/fa-regular-400.woff2]
[gtkit.rometheme.pro/getux/wp-content/plugins/elementor/assets/lib/font-awesome/webfonts/fa-regular-400.woff]
[gtkit.rometheme.pro/getux/wp-content/plugins/elementor/assets/lib/font-awesome/webfonts/fa-brands-400.svg]
[gtkit.rometheme.pro/getux/wp-content/plugins/elementor/assets/lib/font-awesome/webfonts/fa-regular-400.ttf]
[gtkit.rometheme.pro/getux/wp-content/plugins/elementor/assets/lib/font-awesome/webfonts/fa-regular-400.svg]
[gtkit.rometheme.pro/getux/wp-content/plugins/elementor/assets/lib/font-awesome/webfonts/fa-solid-900.eot]
[gtkit.rometheme.pro/getux/wp-content/plugins/elementor/assets/lib/font-awesome/webfonts/fa-solid-900.woff2]
[gtkit.rometheme.pro/getux/wp-content/plugins/elementor/assets/lib/font-awesome/webfonts/fa-solid-900d41d.eot]
[gtkit.rometheme.pro/getux/wp-content/plugins/elementor/assets/lib/font-awesome/webfonts/fa-solid-900.woff]
[gtkit.rometheme.pro/getux/wp-content/plugins/elementor/assets/lib/font-awesome/webfonts/fa-solid-900.ttf]
[gtkit.rometheme.pro/getux/wp-content/plugins/elementor/assets/lib/font-awesome/css/all.minafc7.css]
[gtkit.rometheme.pro/getux/wp-content/plugins/elementor/assets/lib/font-awesome/css/v4-shims.minafc7.css]
[gtkit.rometheme.pro/getux/wp-content/plugins/elementor/assets/lib/font-awesome/webfonts/fa-solid-900.svg]
[gtkit.rometheme.pro/getux/wp-content/plugins/elementskit-lite/widgets/init/assets/img/arrow.png]
[gtkit.rometheme.pro/getux/wp-content/plugins/elementskit-lite/widgets/init/assets/img/sort_asc.png]
[gtkit.rometheme.pro/getux/wp-content/plugins/elementskit-lite/widgets/init/assets/img/sort_desc.png]
[gtkit.rometheme.pro/getux/wp-content/plugins/elementskit-lite/widgets/init/assets/img/sort_asc_disabled.png]
[gtkit.rometheme.pro/getux/wp-content/plugins/elementskit-lite/widgets/init/assets/css/widget-stylesab7d.css]
[gtkit.rometheme.pro/getux/wp-content/plugins/elementskit-lite/widgets/init/assets/css/responsiveab7d.css]
[gtkit.rometheme.pro/getux/wp-content/plugins/rometheme-for-elementor/assets/css/style6f3e.css]
[gtkit.rometheme.pro/getux/wp-content/plugins/elementor/assets/lib/font-awesome/css/fontawesome.min52d5.css]
[gtkit.rometheme.pro/getux/wp-content/plugins/elementor/assets/lib/font-awesome/css/solid.min52d5.css]
[gtkit.rometheme.pro/getux/wp-content/plugins/elementor/assets/lib/font-awesome/css/brands.min52d5.css]
[gtkit.rometheme.pro/getux/wp-content/plugins/elementskit-lite/widgets/init/assets/img/cross-out.svg]
[gtkit.rometheme.pro/getux/wp-json/oembed/1.0/embed70c8]
[gtkit.rometheme.pro/getux/wp-content/plugins/elementor/assets/css/widget-icon-box.min.css]
[gtkit.rometheme.pro/getux/wp-content/plugins/elementor/assets/css/widget-icon-list.min.css]
[gtkit.rometheme.pro/getux/2023/09/27/user-centered-design-a-deep-dive-into-the-ui-ux-process/index.html]
[gtkit.rometheme.pro/getux/category/blog/index.html]
[gtkit.rometheme.pro/getux/wp-content/uploads/sites/35/elementor/css/post-22017a7.css]
[gtkit.rometheme.pro/getux/wp-includes/js/mediaelement/mediaelementplayer-legacy.min1f61.css]
[gtkit.rometheme.pro/getux/wp-includes/js/mediaelement/wp-mediaelement.min9b30.css]
[gtkit.rometheme.pro/getux/wp-content/plugins/elementskit-lite/widgets/init/assets/css/odometer-theme-defaultab7d.css]
[gtkit.rometheme.pro/getux/wp-content/uploads/sites/35/elementor/css/post-18117a7.css]
[gtkit.rometheme.pro/getux/wp-content/plugins/elementor/assets/lib/animations/animations.minafc7.css]
[gtkit.rometheme.pro/getux/wp-content/plugins/rometheme-for-elementor/widgets/assets/js/running_textc412.js]
[cdnjs.cloudflare.com/cf.core.css]
[gtkit.rometheme.pro/getux/wp-content/uploads/sites/35/elementor/css/post-74e96.css]
[gtkit.rometheme.pro/getux/wp-includes/js/mediaelement/mejs-controls.svg]
[gtkit.rometheme.pro/getux/wp-content/uploads/sites/35/elementor/css/post-518f361.css]
[gtkit.rometheme.pro/getux/wp-content/uploads/sites/35/elementor/css/post-556f0fa.css]
[gtkit.rometheme.pro/getux/wp-content/uploads/sites/35/elementor/css/post-572b82e.css]
[gtkit.rometheme.pro/getux/wp-content/uploads/sites/35/elementor/css/post-6035874.css]
[gtkit.rometheme.pro/getux/wp-content/uploads/sites/35/elementor/css/post-696aa97.css]
[gtkit.rometheme.pro/getux/wp-content/uploads/sites/35/elementor/css/post-6270d22.css]
[gtkit.rometheme.pro/getux/wp-content/uploads/sites/35/elementor/css/post-6491a41.css]
[gtkit.rometheme.pro/getux/wp-content/uploads/sites/35/elementor/css/post-6527fd9.css]
[gtkit.rometheme.pro/getux/wp-content/uploads/sites/35/elementor/css/post-711a789.css]
[gtkit.rometheme.pro/getux/wp-content/uploads/sites/35/elementor/css/post-717ca0d.css]
[gtkit.rometheme.pro/getux/wp-content/uploads/sites/35/2023/09/Banner-Image.jpg]
[gtkit.rometheme.pro/getux/wp-json/oembed/1.0/embedb6ea]
[gtkit.rometheme.pro/getux/2023/09/27/how-to-choose-the-right-digital-agency-for-your-business/index.html]
[gtkit.rometheme.pro/getux/category/tips-trick/index.html]
[gtkit.rometheme.pro/getux/2023/09/20/behind-the-scenes-a-day-in-the-life-of-a-digital-agency/index.html]
[gtkit.rometheme.pro/getux/wp-content/uploads/sites/35/elementor/css/post-744726c.css]
[gtkit.rometheme.pro/getux/wp-content/uploads/sites/35/elementor/css/post-739088b.css]
[gtkit.rometheme.pro/getux/wp-content/uploads/sites/35/elementor/css/post-760fe0b.css]
[gtkit.rometheme.pro/getux/wp-json/wp/v2/posts/733.json]
[gtkit.rometheme.pro/getux/tag/design/index.html]
[gtkit.rometheme.pro/getux/wp-json/wp/v2/categories/2.json]
[gtkit.rometheme.pro/getux/index7c89.html]
[gtkit.rometheme.pro/getux/wp-json/oembed/1.0/embed8180]
[gtkit.rometheme.pro/getux/wp-json/wp/v2/posts/727.json]
[gtkit.rometheme.pro/getux/wp-json/wp/v2/posts/724.json]
[gtkit.rometheme.pro/getux/tag/business/index.html]
[gtkit.rometheme.pro/getux/wp-json/wp/v2/posts/165.json]
[gtkit.rometheme.pro/getux/wp-json/wp/v2/posts/162.json]
[gtkit.rometheme.pro/getux/wp-json/wp/v2/tags/16.json]
[gtkit.rometheme.pro/getux/wp-json/wp/v2/tags/17.json]
[gtkit.rometheme.pro/getux/wp-json/wp/v2/tags/15.json]
[gtkit.rometheme.pro/getux/wp-json/wp/v2/tags/18.json]
[gtkit.rometheme.pro/getux/wp-json/wp/v2/tags/4.json]
[gtkit.rometheme.pro/getux/wp-json/wp/v2/tags/3.json]
[gtkit.rometheme.pro/getux/wp-json/wp/v2/tags/5.json]
[gtkit.rometheme.pro/getux/wp-json/wp/v2/tags/12.json]
[gtkit.rometheme.pro/getux/wp-json/wp/v2/tags/13.json]
[gtkit.rometheme.pro/getux/wp-json/wp/v2/tags/14.json]
[gtkit.rometheme.pro/getux/wp-json/wp/v2/tags/11.json]
[gtkit.rometheme.pro/getux/wp-json/wp/v2/tags/10.json]
[gtkit.rometheme.pro/getux/wp-json/wp/v2/tags/6.json]
[gtkit.rometheme.pro/getux/wp-json/wp/v2/tags/7.json]
[gtkit.rometheme.pro/getux/wp-content/plugins/elementor/assets/lib/eicons/fonts/eicons9506.svg]
[gtkit.rometheme.pro/getux/wp-content/plugins/elementor/assets/lib/font-awesome/webfonts/fa-brands-400.svg]
[gtkit.rometheme.pro/getux/wp-content/plugins/elementor/assets/lib/font-awesome/webfonts/fa-regular-400.svg]
[gtkit.rometheme.pro/getux/wp-content/plugins/elementor/assets/lib/font-awesome/webfonts/fa-solid-900.svg]
[gtkit.rometheme.pro/getux/wp-content/plugins/elementskit-lite/widgets/init/assets/img/cross-out.svg]
[gtkit.rometheme.pro/getux/wp-includes/js/mediaelement/mejs-controls.svg]
